src/components/IntelligenceFeedTab.tsx(3,36): error TS6133: 'Bot' is declared but its value is never read.
src/components/IntelligenceFeedTab.tsx(3,41): error TS6133: 'Check' is declared but its value is never read.
src/components/IntelligenceFeedTab.tsx(3,48): error TS6133: 'X' is declared but its value is never read.
src/components/IntelligenceFeedTab.tsx(20,10): error TS6133: 'TypewriterText' is declared but its value is never read.
src/components/IntelligenceFeedTab.tsx(178,78): error TS6133: 'onValidate' is declared but its value is never read.
src/components/SwarmHealthTab.tsx(14,9): error TS6133: 'agentStates' is declared but its value is never read.
src/hooks/useNautilusData.ts(15,15): error TS6133: 'Zone' is declared but its value is never read.
