src/App.tsx(15,5): error TS6133: 'loadingZones' is declared but its value is never read.
src/components/AgentPanel.tsx(3,10): error TS1484: 'StreamMessage' is a type and must be imported using a type-only import when 'verbatimModuleSyntax' is enabled.
src/components/MapLayer.tsx(5,28): error TS6133: 'GeoJsonLayer' is declared but its value is never read.
src/components/MapLayer.tsx(6,10): error TS1484: 'Zone' is a type and must be imported using a type-only import when 'verbatimModuleSyntax' is enabled.
src/components/MapLayer.tsx(34,15): error TS2367: This comparison appears to be unintentional because the types '"advisory" | "watch" | "normal" | "nominal"' and '"warning"' have no overlap.
src/components/MapLayer.tsx(39,23): error TS6133: 'd' is declared but its value is never read.
src/components/MapLayer.tsx(50,20): error TS7006: Parameter 'value' implicitly has an 'any' type.
src/components/MapLayer.tsx(70,25): error TS2353: Object literal may only specify known properties, and 'name' does not exist in type 'ProjectionSpecification'.
src/components/MissionDebrief.tsx(3,10): error TS1484: 'StreamMessage' is a type and must be imported using a type-only import when 'verbatimModuleSyntax' is enabled.
